../Core/Src/main.c:96:6:print_first_n	96	static
../Core/Src/main.c:112:6:print_last_n	96	static
../Core/Src/main.c:131:6:store_values	24	static
../Core/Src/main.c:159:6:uart_print	16	static
../Core/Src/main.c:164:6:handle_uart_command	24	static
../Core/Src/main.c:186:6:delay_us	16	static
../Core/Src/main.c:191:6:DHT11_Set_Pin_Output	24	static
../Core/Src/main.c:200:6:DHT11_Set_Pin_Input	24	static
../Core/Src/main.c:209:9:DHT11_Read	88	static,ignoring_inline_asm
../Core/Src/main.c:361:5:main	104	static
../Core/Src/main.c:433:6:SystemClock_Config	72	static
../Core/Src/main.c:473:13:MX_TIM3_Init	32	static
../Core/Src/main.c:518:13:MX_USART1_UART_Init	8	static
../Core/Src/main.c:551:13:MX_GPIO_Init	32	static
../Core/Src/main.c:586:6:Error_Handler	4	static,ignoring_inline_asm
